
=== itr_cia_aberta_2026.zip (19174 KB)
- itr_cia_aberta_2026.csv
    colunas: CNPJ_CIA;DT_REFER;VERSAO;DENOM_CIA;CD_CVM;CATEG_DOC;ID_DOC;DT_RECEB;LINK_DOC
    exemplo: 00.000.000/0001-91;2026-03-31;1;BCO BRASIL S.A.;001023;ITR;157308;2026-05-13;http://www.rad.cvm.gov.br/ENETCONSULTA/frmDownloadDocumento.aspx?CodigoInstituicao=1&NumeroSequencialDocumento=157308
- itr_cia_aberta_BPA_con_2026.csv
    colunas: CNPJ_CIA;DT_REFER;VERSAO;DENOM_CIA;CD_CVM;GRUPO_DFP;MOEDA;ESCALA_MOEDA;ORDEM_EXERC;DT_FIM_EXERC;CD_CONTA;DS_CONTA;VL_CONTA;ST_CONTA_FIXA
    exemplo: 00.000.000/0001-91;2026-03-31;1;BCO BRASIL S.A.;001023;DF Consolidado - Balanço Patrimonial Ativo;REAL;MIL;PENÚLTIMO;2025-12-31;1;Ativo Total;2455143253.0000000000;S
- itr_cia_aberta_BPA_ind_2026.csv
    colunas: CNPJ_CIA;DT_REFER;VERSAO;DENOM_CIA;CD_CVM;GRUPO_DFP;MOEDA;ESCALA_MOEDA;ORDEM_EXERC;DT_FIM_EXERC;CD_CONTA;DS_CONTA;VL_CONTA;ST_CONTA_FIXA
    exemplo: 00.000.000/0001-91;2026-03-31;1;BCO BRASIL S.A.;001023;DF Individual - Balanço Patrimonial Ativo;REAL;MIL;PENÚLTIMO;2025-12-31;1;Ativo Total;2414775306.0000000000;S
- itr_cia_aberta_BPP_con_2026.csv
    colunas: CNPJ_CIA;DT_REFER;VERSAO;DENOM_CIA;CD_CVM;GRUPO_DFP;MOEDA;ESCALA_MOEDA;ORDEM_EXERC;DT_FIM_EXERC;CD_CONTA;DS_CONTA;VL_CONTA;ST_CONTA_FIXA
    exemplo: 00.000.000/0001-91;2026-03-31;1;BCO BRASIL S.A.;001023;DF Consolidado - Balanço Patrimonial Passivo;REAL;MIL;PENÚLTIMO;2025-12-31;2;Passivo Total;2455143253.0000000000;S
- itr_cia_aberta_BPP_ind_2026.csv
    colunas: CNPJ_CIA;DT_REFER;VERSAO;DENOM_CIA;CD_CVM;GRUPO_DFP;MOEDA;ESCALA_MOEDA;ORDEM_EXERC;DT_FIM_EXERC;CD_CONTA;DS_CONTA;VL_CONTA;ST_CONTA_FIXA
    exemplo: 00.000.000/0001-91;2026-03-31;1;BCO BRASIL S.A.;001023;DF Individual - Balanço Patrimonial Passivo;REAL;MIL;PENÚLTIMO;2025-12-31;2;Passivo Total;2414775306.0000000000;S
- itr_cia_aberta_composicao_capital_2026.csv
    colunas: CNPJ_CIA;DT_REFER;VERSAO;DENOM_CIA;QT_ACAO_ORDIN_CAP_INTEGR;QT_ACAO_PREF_CAP_INTEGR;QT_ACAO_TOTAL_CAP_INTEGR;QT_ACAO_ORDIN_TESOURO;QT_ACAO_PREF_TESOURO;QT_ACAO_TOTAL_TESOURO
    exemplo: 00.000.000/0001-91;2026-03-31;1;BCO BRASIL S.A.;5730834040;0;5730834040;22370399;0;22370399
- itr_cia_aberta_DFC_MD_con_2026.csv
    colunas: CNPJ_CIA;DT_REFER;VERSAO;DENOM_CIA;CD_CVM;GRUPO_DFP;MOEDA;ESCALA_MOEDA;ORDEM_EXERC;DT_INI_EXERC;DT_FIM_EXERC;CD_CONTA;DS_CONTA;VL_CONTA;ST_CONTA_FIXA
    exemplo: 00.070.698/0001-11;2026-03-31;1;COMPANHIA ENERGÉTICA DE BRASÍLIA - CEB;014451;DF Consolidado - Demonstração do Fluxo de Caixa (Método Direto);REAL;MIL;PENÚLTIMO;2025-01-01;2025-03-31;6.01;Caixa Líquido Atividades Operacionais;-26854.0000000000;S
- itr_cia_aberta_DFC_MD_ind_2026.csv
    colunas: CNPJ_CIA;DT_REFER;VERSAO;DENOM_CIA;CD_CVM;GRUPO_DFP;MOEDA;ESCALA_MOEDA;ORDEM_EXERC;DT_INI_EXERC;DT_FIM_EXERC;CD_CONTA;DS_CONTA;VL_CONTA;ST_CONTA_FIXA
    exemplo: 00.070.698/0001-11;2026-03-31;1;COMPANHIA ENERGÉTICA DE BRASÍLIA - CEB;014451;DF Individual - Demonstração do Fluxo de Caixa (Método Direto);REAL;MIL;PENÚLTIMO;2025-01-01;2025-03-31;6.01;Caixa Líquido Atividades Operacionais;6855.0000000000;S
- itr_cia_aberta_DFC_MI_con_2026.csv
    colunas: CNPJ_CIA;DT_REFER;VERSAO;DENOM_CIA;CD_CVM;GRUPO_DFP;MOEDA;ESCALA_MOEDA;ORDEM_EXERC;DT_INI_EXERC;DT_FIM_EXERC;CD_CONTA;DS_CONTA;VL_CONTA;ST_CONTA_FIXA
    exemplo: 00.000.000/0001-91;2026-03-31;1;BCO BRASIL S.A.;001023;DF Consolidado - Demonstração do Fluxo de Caixa (Método Indireto);REAL;MIL;PENÚLTIMO;2025-01-01;2025-03-31;6.01;Caixa Líquido das Atividades Operacionais;48378804.0000000000;S
- itr_cia_aberta_DFC_MI_ind_2026.csv
    colunas: CNPJ_CIA;DT_REFER;VERSAO;DENOM_CIA;CD_CVM;GRUPO_DFP;MOEDA;ESCALA_MOEDA;ORDEM_EXERC;DT_INI_EXERC;DT_FIM_EXERC;CD_CONTA;DS_CONTA;VL_CONTA;ST_CONTA_FIXA
    exemplo: 00.000.000/0001-91;2026-03-31;1;BCO BRASIL S.A.;001023;DF Individual - Demonstração do Fluxo de Caixa (Método Indireto);REAL;MIL;PENÚLTIMO;2025-01-01;2025-03-31;6.01;Caixa Líquido das Atividades Operacionais;42576534.0000000000;S
- itr_cia_aberta_DMPL_con_2026.csv
    colunas: CNPJ_CIA;DT_REFER;VERSAO;DENOM_CIA;CD_CVM;GRUPO_DFP;MOEDA;ESCALA_MOEDA;ORDEM_EXERC;DT_INI_EXERC;DT_FIM_EXERC;COLUNA_DF;CD_CONTA;DS_CONTA;VL_CONTA;ST_CONTA_FIXA
    exemplo: 00.000.000/0001-91;2026-03-31;1;BCO BRASIL S.A.;001023;DF Consolidado - Demonstração das Mutações do Patrimônio Líquido;REAL;MIL;PENÚLTIMO;2025-01-01;2025-03-31;Capital Social Integralizado;5.01;Saldos Iniciais;125100000.0000000000;S
- itr_cia_aberta_DMPL_ind_2026.csv
    colunas: CNPJ_CIA;DT_REFER;VERSAO;DENOM_CIA;CD_CVM;GRUPO_DFP;MOEDA;ESCALA_MOEDA;ORDEM_EXERC;DT_INI_EXERC;DT_FIM_EXERC;COLUNA_DF;CD_CONTA;DS_CONTA;VL_CONTA;ST_CONTA_FIXA
    exemplo: 00.000.000/0001-91;2026-03-31;1;BCO BRASIL S.A.;001023;DF Individual - Demonstração das Mutações do Patrimônio Líquido;REAL;MIL;PENÚLTIMO;2025-01-01;2025-03-31;Capital Social Integralizado;5.01;Saldos Iniciais;120000000.0000000000;S
- itr_cia_aberta_DRA_con_2026.csv
    colunas: CNPJ_CIA;DT_REFER;VERSAO;DENOM_CIA;CD_CVM;GRUPO_DFP;MOEDA;ESCALA_MOEDA;ORDEM_EXERC;DT_INI_EXERC;DT_FIM_EXERC;CD_CONTA;DS_CONTA;VL_CONTA;ST_CONTA_FIXA
    exemplo: 00.000.000/0001-91;2026-03-31;1;BCO BRASIL S.A.;001023;DF Consolidado - Demonstração de Resultado Abrangente;REAL;MIL;PENÚLTIMO;2025-01-01;2025-03-31;4.01;Lucro ou Prejuízo Líquido do Período;4177854.0000000000;S
- itr_cia_aberta_DRA_ind_2026.csv
    colunas: CNPJ_CIA;DT_REFER;VERSAO;DENOM_CIA;CD_CVM;GRUPO_DFP;MOEDA;ESCALA_MOEDA;ORDEM_EXERC;DT_INI_EXERC;DT_FIM_EXERC;CD_CONTA;DS_CONTA;VL_CONTA;ST_CONTA_FIXA
    exemplo: 00.000.000/0001-91;2026-03-31;1;BCO BRASIL S.A.;001023;DF Individual - Demonstração de Resultado Abrangente;REAL;MIL;PENÚLTIMO;2025-01-01;2025-03-31;4.01;Lucro ou Prejuízo Líquido do Período;6798842.0000000000;S
- itr_cia_aberta_DRE_con_2026.csv
    colunas: CNPJ_CIA;DT_REFER;VERSAO;DENOM_CIA;CD_CVM;GRUPO_DFP;MOEDA;ESCALA_MOEDA;ORDEM_EXERC;DT_INI_EXERC;DT_FIM_EXERC;CD_CONTA;DS_CONTA;VL_CONTA;ST_CONTA_FIXA
    exemplo: 00.000.000/0001-91;2026-03-31;1;BCO BRASIL S.A.;001023;DF Consolidado - Demonstração do Resultado;REAL;MIL;PENÚLTIMO;2025-01-01;2025-03-31;3.01;Receitas de Intermediação Financeira;71720089.0000000000;S
- itr_cia_aberta_DRE_ind_2026.csv
    colunas: CNPJ_CIA;DT_REFER;VERSAO;DENOM_CIA;CD_CVM;GRUPO_DFP;MOEDA;ESCALA_MOEDA;ORDEM_EXERC;DT_INI_EXERC;DT_FIM_EXERC;CD_CONTA;DS_CONTA;VL_CONTA;ST_CONTA_FIXA
    exemplo: 00.000.000/0001-91;2026-03-31;1;BCO BRASIL S.A.;001023;DF Individual - Demonstração do Resultado;REAL;MIL;PENÚLTIMO;2025-01-01;2025-03-31;3.01;Receitas de Intermediação Financeira;59344968.0000000000;S
- itr_cia_aberta_DVA_con_2026.csv
    colunas: CNPJ_CIA;DT_REFER;VERSAO;DENOM_CIA;CD_CVM;GRUPO_DFP;MOEDA;ESCALA_MOEDA;ORDEM_EXERC;DT_INI_EXERC;DT_FIM_EXERC;CD_CONTA;DS_CONTA;VL_CONTA;ST_CONTA_FIXA
    exemplo: 00.000.000/0001-91;2026-03-31;1;BCO BRASIL S.A.;001023;DF Consolidado - Demonstração de Valor Adicionado;REAL;MIL;PENÚLTIMO;2025-01-01;2025-03-31;7.01;Receitas;66648923.0000000000;S
- itr_cia_aberta_DVA_ind_2026.csv
    colunas: CNPJ_CIA;DT_REFER;VERSAO;DENOM_CIA;CD_CVM;GRUPO_DFP;MOEDA;ESCALA_MOEDA;ORDEM_EXERC;DT_INI_EXERC;DT_FIM_EXERC;CD_CONTA;DS_CONTA;VL_CONTA;ST_CONTA_FIXA
    exemplo: 00.000.000/0001-91;2026-03-31;1;BCO BRASIL S.A.;001023;DF Individual - Demonstração de Valor Adicionado;REAL;MIL;PENÚLTIMO;2025-01-01;2025-03-31;7.01;Receitas;49788514.0000000000;S
- itr_cia_aberta_parecer_2026.csv
    colunas: CNPJ_CIA;DT_REFER;VERSAO;DENOM_CIA;TP_RELAT_ESP;TP_PARECER_DECL;NUM_ITEM_PARECER_DECL;TXT_PARECER_DECL
    exemplo: 00.000.000/0001-91;2026-03-31;1;BCO BRASIL S.A.;;Declaração dos Diretores sobre as Demonstrações Financeiras;1;Declaração dos membros do Conselho Diretor sobre as Demonstrações FinanceirasEm conformidade com o artigo 27, § 1º, inciso VI, da Resolução CVM nº 80, de 29/03/2022, declaramos que revisamo

=== fca_cia_aberta_2026.zip (353 KB)
- fca_cia_aberta_2026.csv
    colunas: CNPJ_CIA;DT_REFER;VERSAO;DENOM_CIA;CD_CVM;CATEG_DOC;ID_DOC;DT_RECEB;LINK_DOC
    exemplo: 00.000.000/0001-91;2026-01-01;1;BCO BRASIL S.A.;001023;FCA;154534;2026-01-30;http://www.rad.cvm.gov.br/ENETCONSULTA/frmDownloadDocumento.aspx?CodigoInstituicao=1&NumeroSequencialDocumento=154534
- fca_cia_aberta_auditor_2026.csv
    colunas: CNPJ_Companhia;Data_Referencia;Versao;ID_Documento;Nome_Empresarial;Auditor;CPF_CNPJ_Auditor;Codigo_CVM_Auditor;Origem_Auditor;Data_Inicio_Atuacao_Auditor;Data_Fim_Atuacao_Auditor;Responsavel_Tecnico;CPF_Responsavel_Tecnico;Data_Inicio_Atuacao_Responsavel_Tecnico;Data_Fim_Atuacao_Responsavel_Tecnico
    exemplo: 00.000.000/0001-91;2026-01-01;3;160576;BCO BRASIL S.A.;KPMG AUDITORES INDEPENDENTES LTDA;57.755.217/0001-29;004189;Nacional;2024-01-01;;Rodrigo de Mattos Lia;;2026-05-13;
- fca_cia_aberta_canal_divulgacao_2026.csv
    colunas: CNPJ_Companhia;Data_Referencia;Versao;ID_Documento;Nome_Empresarial;Canal_Divulgacao;Sigla_UF
    exemplo: 00.000.000/0001-91;2026-01-01;3;160576;BCO BRASIL S.A.;Correio Braziliense;DF
- fca_cia_aberta_departamento_acionistas_2026.csv
    colunas: CNPJ_Companhia;Data_Referencia;Versao;ID_Documento;Nome_Empresarial;Contato;Data_Inicio_Contato;Data_Fim_Contato;Tipo_Endereco;Logradouro;Complemento;Bairro;Cidade;Sigla_UF;Pais;CEP;DDI_Telefone;DDD_Telefone;Telefone;DDI_Fax;DDD_Fax;Fax;Email
    exemplo: 
- fca_cia_aberta_dri_2026.csv
    colunas: CNPJ_Companhia;Data_Referencia;Versao;ID_Documento;Nome_Empresarial;Tipo_Responsavel;Responsavel;CPF_Responsavel;Tipo_Endereco;Logradouro;Complemento;Bairro;Cidade;Sigla_UF;UF;Pais;CEP;DDI_Telefone;DDD_Telefone;Telefone;DDI_Fax;DDD_Fax;Fax;Email;Data_Inicio_Atuacao;Data_Fim_Atuacao
    exemplo: 00.000.000/0001-91;2026-01-01;3;160576;BCO BRASIL S.A.;Diretor de Relações com Investidores;Marco Geovanne Tobias da Silva;263.225.791-34;;Saun Quadra 05, Lote B, torre sul, 15º andar;Ed. BB;Asa Norte;Brasília;DF;Distrito Federal;Brasil;70040912;;61;34935602;;;;dribb@bb.com.br;2023-04-27;
- fca_cia_aberta_endereco_2026.csv
    colunas: CNPJ_Companhia;Data_Referencia;Versao;ID_Documento;Nome_Empresarial;Tipo_Endereco;Logradouro;Complemento;Bairro;Cidade;Sigla_UF;Pais;CEP;Caixa_Postal;DDI_Telefone;DDD_Telefone;Telefone;DDI_Fax;DDD_Fax;Fax;Email
    exemplo: 00.000.000/0001-91;2026-01-01;3;160576;BCO BRASIL S.A.;Endereço da Sede;Saun Quadra 05, Lote B;Ed. BB;Asa Norte;Brasília;DF;Brasil;70040912;;;61;34939002;;;;ugr.govcorp@bb.com.br
- fca_cia_aberta_escriturador_2026.csv
    colunas: CNPJ_Companhia;Data_Referencia;Versao;ID_Documento;Nome_Empresarial;Escriturador;CNPJ_Escriturador;Tipo_Endereco;Logradouro;Complemento;Bairro;Cidade;Sigla_UF;Pais;CEP;DDI_Telefone;DDD_Telefone;Telefone;DDI_Fax;DDD_Fax;Fax;Email;Data_Inicio_Atuacao;Data_Fim_Atuacao
    exemplo: 00.000.000/0001-91;2026-01-01;3;160576;BCO BRASIL S.A.;BANCO DO BRASIL S.A.;00.000.000/0001-91;;Av Republica do Chile, 330;9º andar - T Oeste;Centro;Rio de Janeiro;RJ;Brasil;20031170;;21;38083715;;;;aescriturais@bb.com.br;1900-10-12;
- fca_cia_aberta_geral_2026.csv
    colunas: CNPJ_Companhia;Data_Referencia;Versao;ID_Documento;Nome_Empresarial;Data_Nome_Empresarial;Nome_Empresarial_Anterior;Data_Constituicao;Codigo_CVM;Data_Registro_CVM;Categoria_Registro_CVM;Data_Categoria_Registro_CVM;Situacao_Registro_CVM;Data_Situacao_Registro_CVM;Pais_Origem;Pais_Custodia_Valores_Mobiliarios;Setor_Atividade;Descricao_Atividade;Situacao_Emissor;Data_Situacao_Emissor;Especie_Controle_Acionario;Data_Especie_Controle_Acionario;Dia_Encerramento_Exercicio_Social;Mes_Encerramento_Exercicio_Social;Data_Alteracao_Exercicio_Social;Pagina_Web
    exemplo: 00.000.000/0001-91;2026-01-01;3;160576;BCO BRASIL S.A.;;;1808-10-12;001023;1977-07-20;Categoria A;2010-01-01;Ativo;1977-07-20;Brasil;Brasil;Bancos;Banco Múltiplo;Fase Operacional;1977-07-20;Estatal;1998-04-07;31;12;;www.bb.com.br
- fca_cia_aberta_pais_estrangeiro_negociacao_2026.csv
    colunas: CNPJ_Companhia;Data_Referencia;Versao;ID_Documento;Nome_Empresarial;Pais;Data_Admissao_Negociacao
    exemplo: 00.000.000/0001-91;2026-01-01;3;160576;BCO BRASIL S.A.;Estados Unidos;2009-12-02
- fca_cia_aberta_valor_mobiliario_2026.csv
    colunas: CNPJ_Companhia;Data_Referencia;Versao;ID_Documento;Nome_Empresarial;Valor_Mobiliario;Sigla_Classe_Acao_Preferencial;Classe_Acao_Preferencial;Codigo_Negociacao;Composicao_BDR_Unit;Mercado;Sigla_Entidade_Administradora;Entidade_Administradora;Data_Inicio_Negociacao;Data_Fim_Negociacao;Segmento;Data_Inicio_Listagem;Data_Fim_Listagem
    exemplo: 00.000.000/0001-91;2026-01-01;3;160576;BCO BRASIL S.A.;Ações Ordinárias;;;BBAS3;;Bolsa;B3;B3 S.A. - Brasil, Bolsa, Balcão.;2006-05-31;;Novo Mercado;1977-07-20;

=== dfp_cia_aberta_2026.zip (237 KB)
- dfp_cia_aberta_2026.csv
    colunas: CNPJ_CIA;DT_REFER;VERSAO;DENOM_CIA;CD_CVM;CATEG_DOC;ID_DOC;DT_RECEB;LINK_DOC
    exemplo: 02.635.522/0001-95;2026-03-31;1;JALLES MACHADO S.A.;025496;DFP;159112;2026-06-16;http://www.rad.cvm.gov.br/ENETCONSULTA/frmDownloadDocumento.aspx?CodigoInstituicao=1&NumeroSequencialDocumento=159112
- dfp_cia_aberta_BPA_con_2026.csv
    colunas: CNPJ_CIA;DT_REFER;VERSAO;DENOM_CIA;CD_CVM;GRUPO_DFP;MOEDA;ESCALA_MOEDA;ORDEM_EXERC;DT_FIM_EXERC;CD_CONTA;DS_CONTA;VL_CONTA;ST_CONTA_FIXA
    exemplo: 02.635.522/0001-95;2026-03-31;1;JALLES MACHADO S.A.;025496;DF Consolidado - Balanço Patrimonial Ativo;REAL;MIL;PENÚLTIMO;2025-03-31;1;Ativo Total;7137606.0000000000;S
- dfp_cia_aberta_BPA_ind_2026.csv
    colunas: CNPJ_CIA;DT_REFER;VERSAO;DENOM_CIA;CD_CVM;GRUPO_DFP;MOEDA;ESCALA_MOEDA;ORDEM_EXERC;DT_FIM_EXERC;CD_CONTA;DS_CONTA;VL_CONTA;ST_CONTA_FIXA
    exemplo: 02.635.522/0001-95;2026-03-31;1;JALLES MACHADO S.A.;025496;DF Individual - Balanço Patrimonial Ativo;REAL;MIL;PENÚLTIMO;2025-03-31;1;Ativo Total;6370988.0000000000;S
- dfp_cia_aberta_BPP_con_2026.csv
    colunas: CNPJ_CIA;DT_REFER;VERSAO;DENOM_CIA;CD_CVM;GRUPO_DFP;MOEDA;ESCALA_MOEDA;ORDEM_EXERC;DT_FIM_EXERC;CD_CONTA;DS_CONTA;VL_CONTA;ST_CONTA_FIXA
    exemplo: 02.635.522/0001-95;2026-03-31;1;JALLES MACHADO S.A.;025496;DF Consolidado - Balanço Patrimonial Passivo;REAL;MIL;PENÚLTIMO;2025-03-31;2;Passivo Total;7137606.0000000000;S
- dfp_cia_aberta_BPP_ind_2026.csv
    colunas: CNPJ_CIA;DT_REFER;VERSAO;DENOM_CIA;CD_CVM;GRUPO_DFP;MOEDA;ESCALA_MOEDA;ORDEM_EXERC;DT_FIM_EXERC;CD_CONTA;DS_CONTA;VL_CONTA;ST_CONTA_FIXA
    exemplo: 02.635.522/0001-95;2026-03-31;1;JALLES MACHADO S.A.;025496;DF Individual - Balanço Patrimonial Passivo;REAL;MIL;PENÚLTIMO;2025-03-31;2;Passivo Total;6370988.0000000000;S
- dfp_cia_aberta_composicao_capital_2026.csv
    colunas: CNPJ_CIA;DT_REFER;VERSAO;DENOM_CIA;QT_ACAO_ORDIN_CAP_INTEGR;QT_ACAO_PREF_CAP_INTEGR;QT_ACAO_TOTAL_CAP_INTEGR;QT_ACAO_ORDIN_TESOURO;QT_ACAO_PREF_TESOURO;QT_ACAO_TOTAL_TESOURO
    exemplo: 02.635.522/0001-95;2026-03-31;1;JALLES MACHADO S.A.;303541864;0;303541864;1994200;0;1994200
- dfp_cia_aberta_DFC_MD_con_2026.csv
    colunas: CNPJ_CIA;DT_REFER;VERSAO;DENOM_CIA;CD_CVM;GRUPO_DFP;MOEDA;ESCALA_MOEDA;ORDEM_EXERC;DT_INI_EXERC;DT_FIM_EXERC;CD_CONTA;DS_CONTA;VL_CONTA;ST_CONTA_FIXA
    exemplo: 
- dfp_cia_aberta_DFC_MD_ind_2026.csv
    colunas: CNPJ_CIA;DT_REFER;VERSAO;DENOM_CIA;CD_CVM;GRUPO_DFP;MOEDA;ESCALA_MOEDA;ORDEM_EXERC;DT_INI_EXERC;DT_FIM_EXERC;CD_CONTA;DS_CONTA;VL_CONTA;ST_CONTA_FIXA
    exemplo: 
- dfp_cia_aberta_DFC_MI_con_2026.csv
    colunas: CNPJ_CIA;DT_REFER;VERSAO;DENOM_CIA;CD_CVM;GRUPO_DFP;MOEDA;ESCALA_MOEDA;ORDEM_EXERC;DT_INI_EXERC;DT_FIM_EXERC;CD_CONTA;DS_CONTA;VL_CONTA;ST_CONTA_FIXA
    exemplo: 02.635.522/0001-95;2026-03-31;1;JALLES MACHADO S.A.;025496;DF Consolidado - Demonstração do Fluxo de Caixa (Método Indireto);REAL;MIL;PENÚLTIMO;2024-04-01;2025-03-31;6.01;Caixa Líquido Atividades Operacionais;841282.0000000000;S
- dfp_cia_aberta_DFC_MI_ind_2026.csv
    colunas: CNPJ_CIA;DT_REFER;VERSAO;DENOM_CIA;CD_CVM;GRUPO_DFP;MOEDA;ESCALA_MOEDA;ORDEM_EXERC;DT_INI_EXERC;DT_FIM_EXERC;CD_CONTA;DS_CONTA;VL_CONTA;ST_CONTA_FIXA
    exemplo: 02.635.522/0001-95;2026-03-31;1;JALLES MACHADO S.A.;025496;DF Individual - Demonstração do Fluxo de Caixa (Método Indireto);REAL;MIL;PENÚLTIMO;2024-04-01;2025-03-31;6.01;Caixa Líquido Atividades Operacionais;620195.0000000000;S
- dfp_cia_aberta_DMPL_con_2026.csv
    colunas: CNPJ_CIA;DT_REFER;VERSAO;DENOM_CIA;CD_CVM;GRUPO_DFP;MOEDA;ESCALA_MOEDA;ORDEM_EXERC;DT_INI_EXERC;DT_FIM_EXERC;COLUNA_DF;CD_CONTA;DS_CONTA;VL_CONTA;ST_CONTA_FIXA
    exemplo: 02.635.522/0001-95;2026-03-31;1;JALLES MACHADO S.A.;025496;DF Consolidado - Demonstração das Mutações do Patrimônio Líquido;REAL;MIL;PENÚLTIMO;2024-04-01;2025-03-31;Capital Social Integralizado;5.01;Saldos Iniciais;1039266.0000000000;S
- dfp_cia_aberta_DMPL_ind_2026.csv
    colunas: CNPJ_CIA;DT_REFER;VERSAO;DENOM_CIA;CD_CVM;GRUPO_DFP;MOEDA;ESCALA_MOEDA;ORDEM_EXERC;DT_INI_EXERC;DT_FIM_EXERC;COLUNA_DF;CD_CONTA;DS_CONTA;VL_CONTA;ST_CONTA_FIXA
    exemplo: 02.635.522/0001-95;2026-03-31;1;JALLES MACHADO S.A.;025496;DF Individual - Demonstração das Mutações do Patrimônio Líquido;REAL;MIL;PENÚLTIMO;2024-04-01;2025-03-31;Capital Social Integralizado;5.01;Saldos Iniciais;1039266.0000000000;S
- dfp_cia_aberta_DRA_con_2026.csv
    colunas: CNPJ_CIA;DT_REFER;VERSAO;DENOM_CIA;CD_CVM;GRUPO_DFP;MOEDA;ESCALA_MOEDA;ORDEM_EXERC;DT_INI_EXERC;DT_FIM_EXERC;CD_CONTA;DS_CONTA;VL_CONTA;ST_CONTA_FIXA
    exemplo: 02.635.522/0001-95;2026-03-31;1;JALLES MACHADO S.A.;025496;DF Consolidado - Demonstração de Resultado Abrangente;REAL;MIL;PENÚLTIMO;2024-04-01;2025-03-31;4.01;Lucro Líquido Consolidado do Período;-55950.0000000000;S
- dfp_cia_aberta_DRA_ind_2026.csv
    colunas: CNPJ_CIA;DT_REFER;VERSAO;DENOM_CIA;CD_CVM;GRUPO_DFP;MOEDA;ESCALA_MOEDA;ORDEM_EXERC;DT_INI_EXERC;DT_FIM_EXERC;CD_CONTA;DS_CONTA;VL_CONTA;ST_CONTA_FIXA
    exemplo: 02.635.522/0001-95;2026-03-31;1;JALLES MACHADO S.A.;025496;DF Individual - Demonstração de Resultado Abrangente;REAL;MIL;PENÚLTIMO;2024-04-01;2025-03-31;4.01;Lucro Líquido do Período;-55950.0000000000;S
- dfp_cia_aberta_DRE_con_2026.csv
    colunas: CNPJ_CIA;DT_REFER;VERSAO;DENOM_CIA;CD_CVM;GRUPO_DFP;MOEDA;ESCALA_MOEDA;ORDEM_EXERC;DT_INI_EXERC;DT_FIM_EXERC;CD_CONTA;DS_CONTA;VL_CONTA;ST_CONTA_FIXA
    exemplo: 02.635.522/0001-95;2026-03-31;1;JALLES MACHADO S.A.;025496;DF Consolidado - Demonstração do Resultado;REAL;MIL;PENÚLTIMO;2024-04-01;2025-03-31;3.01;Receita de Venda de Bens e/ou Serviços;2337911.0000000000;S
- dfp_cia_aberta_DRE_ind_2026.csv
    colunas: CNPJ_CIA;DT_REFER;VERSAO;DENOM_CIA;CD_CVM;GRUPO_DFP;MOEDA;ESCALA_MOEDA;ORDEM_EXERC;DT_INI_EXERC;DT_FIM_EXERC;CD_CONTA;DS_CONTA;VL_CONTA;ST_CONTA_FIXA
    exemplo: 02.635.522/0001-95;2026-03-31;1;JALLES MACHADO S.A.;025496;DF Individual - Demonstração do Resultado;REAL;MIL;PENÚLTIMO;2024-04-01;2025-03-31;3.01;Receita de Venda de Bens e/ou Serviços;1709298.0000000000;S
- dfp_cia_aberta_DVA_con_2026.csv
    colunas: CNPJ_CIA;DT_REFER;VERSAO;DENOM_CIA;CD_CVM;GRUPO_DFP;MOEDA;ESCALA_MOEDA;ORDEM_EXERC;DT_INI_EXERC;DT_FIM_EXERC;CD_CONTA;DS_CONTA;VL_CONTA;ST_CONTA_FIXA
    exemplo: 02.635.522/0001-95;2026-03-31;1;JALLES MACHADO S.A.;025496;DF Consolidado - Demonstração de Valor Adicionado;REAL;MIL;PENÚLTIMO;2024-04-01;2025-03-31;7.01;Receitas;3663400.0000000000;S
- dfp_cia_aberta_DVA_ind_2026.csv
    colunas: CNPJ_CIA;DT_REFER;VERSAO;DENOM_CIA;CD_CVM;GRUPO_DFP;MOEDA;ESCALA_MOEDA;ORDEM_EXERC;DT_INI_EXERC;DT_FIM_EXERC;CD_CONTA;DS_CONTA;VL_CONTA;ST_CONTA_FIXA
    exemplo: 02.635.522/0001-95;2026-03-31;1;JALLES MACHADO S.A.;025496;DF Individual - Demonstração de Valor Adicionado;REAL;MIL;PENÚLTIMO;2024-04-01;2025-03-31;7.01;Receitas;2558037.0000000000;S
- dfp_cia_aberta_parecer_2026.csv
    colunas: CNPJ_CIA;DT_REFER;VERSAO;DENOM_CIA;TP_RELAT_AUD;TP_PARECER_DECL;NUM_ITEM_PARECER_DECL;TXT_PARECER_DECL
    exemplo: 02.635.522/0001-95;2026-03-31;1;JALLES MACHADO S.A.;;Declaração dos Diretores sobre as Demonstrações Financeiras;1;Em atendimento ao disposto nos incisos V do artigo 27 da Resolução CVM nº 80, de 29 de março de 2022, os abaixo assinados Diretores da JALLES MACHADO S.A., sociedade por ações de capita

=== COTAHIST_A2026.ZIP (90337 KB)
  membros: ['COTAHIST_A2026.TXT']
  00COTAHIST.2026BOVESPA 20261005
  012026010202LREN3       010LOJAS RENNERON      NM   R$  000000000135600000000013690000000001327000000000133900000000013380000000001337000000000133817022000000000014265600000000019108903100000000000000009999123100000010000000000000BRLRENACNOR1228
  012026011902SAPR11      010SANEPAR     UNT     N2   R$  000000000438500000000043910000000004304000000000433300000000043600000000004351000000000436003482000000000000726100000000003146728500000000000000009999123100000010000000000000BRSAPRCDAM13121
  012026032002SAPR11      010SANEPAR     UNT     N2   R$  000000000417800000000042670000000004165000000000424200000000042670000000004266000000000426915518000000000012420500000000052695066000000000000000009999123100000010000000000000BRSAPRCDAM13121
  012026040102PETR4       010PETROBRAS   PN  ATZ N2   R$  000000000477000000000048070000000004677000000000473000000000047370000000004736000000000473805656000000000066488400000000314535324400000000000000009999123100000010000000000000BRPETRACNPR6225
  012026052502PETR4       010PETROBRAS   PN      N2   R$  000000000434900000000043820000000004297000000000434600000000043400000000004339000000000434047317000000000026720900000000116149302800000000000000009999123100000010000000000000BRPETRACNPR6226

=== Yahoo: https://query1.finance.yahoo.com/v8/finance/chart/PETR4.SA
  HTTP 200
  {"chaves": ["meta", "timestamp", "events", "indicators"], "meta_moeda": "BRL", "eventos": {"dividends": {"1764558000": {"amount": 0.952128, "date": 1766494800}, "1775012400": {"amount": 0.663103, "date": 1776949200}, "1780282800": {"amount": 0.700973, "date": 1780405200}, "1785553200": {"amount": 1.348143, "date": 1787576400}}}, "erro": null}

=== CoinGecko: https://api.coingecko.com/api/v3/coins/markets
  HTTP 200
  [{"id": "bitcoin", "symbol": "btc", "name": "Bitcoin", "image": "https://coin-images.coingecko.com/coins/images/1/large/bitcoin.png?1696501400", "current_price": 425591, "market_cap": 8550875834646, "market_cap_rank": 1, "fully_diluted_valuation": 8550887749656, "total_volume": 134700458324, "high_24h": 431421, "low_24h": 423823, "price_change_24h": -1262.1258919401444, "price_change_percentage_24h": -0.69543, "market_cap_change_24h": -26260624751.416992, "market_cap_change_percentage_24h": -0.30617, "circulating_supply": 20094362.0, "total_supply": 20094409.0, "max_supply": 21000000.0, "ath": 685780, "ath_change_percentage": -37.94061, "ath_date": "2025-07-13T23:56:01.000Z", "atl": 149.66, "atl_change_percentage": 284274.65019, "atl_date": "2013-07-04T16:00:00.000Z", "roi": null, "last_updated": "2026-10-06T19:27:20.000Z"}, {"id": "ethereum", "symbol": "eth", "name": "Ethereum", "image": "https://coin-images.coingecko.com/coins/images/279/large/ethereum.png?1696501628", "current_price": 13368.26, "market_cap": 1632213587573, "market_cap_rank": 2, "fully_diluted_valuation": 1632213587573, "total_volume": 54705784855, "high_24h": 13558.61, "low_24h": 13393.59, "price_change_24h": -125.17519793495194, "price_change_percentage_24h": -1.32216, "market_cap_change_24h": -15436451414.647705, "market_cap_change_percentage_24h": -0.93688, "circulating_supply": 122110434.69485405, "total_supply": 122110434.694854, "max_supply": null, "ath": 26931, "ath_change_percentage": -50.36108, "a

=== BCB: https://api.bcb.gov.br/dados/serie/bcdata.sgs.432/dados/ultimos/3
  HTTP 200
  [{"data": "02/11/2026", "valor": "13.75"}, {"data": "03/11/2026", "valor": "13.75"}, {"data": "04/11/2026", "valor": "13.75"}]
